exports[`<MainMenu> Render 1`] = `
<ul>
  <li>
    <a
      onClick={[Function]}
      style={Object {}}>
      Main page
    </a>
  </li>
  <li>
    <a
      onClick={[Function]}
      style={Object {}}>
      Second page
    </a>
  </li>
</ul>
`;
